// Jest Snapshot v1, https://goo.gl/fbAQLP

exports[`renders correctly 1`] = `
<div
  className="catalog__movies-list"
>
  <SmallMovieCard
    film={
      Object {
        "genre": "Adventure",
        "id": 1,
        "img": "img/fantastic-beasts-the-crimes-of-grindelwald.jpg",
        "name": "Fantastic Beasts",
        "video": "https://download.blender.org/durian/trailer/sintel_trailer-480p.mp4",
      }
    }
    isPlaying={false}
    key="1"
    onMouseEnter={[Function]}
    onMouseLeave={[Function]}
  />
  <SmallMovieCard
    film={
      Object {
        "genre": "Adventure",
        "id": 2,
        "img": "img/bohemian-rhapsody.jpg",
        "name": "Bohemian Rhapsody",
        "video": "https://download.blender.org/durian/trailer/sintel_trailer-480p.mp4",
      }
    }
    isPlaying={false}
    key="2"
    onMouseEnter={[Function]}
    onMouseLeave={[Function]}
  />
  <SmallMovieCard
    film={
      Object {
        "genre": "Adventure",
        "id": 3,
        "img": "img/macbeth.jpg",
        "name": "Macbeth",
        "video": "https://download.blender.org/durian/trailer/sintel_trailer-480p.mp4",
      }
    }
    isPlaying={false}
    key="3"
    onMouseEnter={[Function]}
    onMouseLeave={[Function]}
  />
  <SmallMovieCard
    film={
      Object {
        "genre": "Adventure",
        "id": 4,
        "img": "img/aviator.jpg",
        "name": "Aviator",
        "video": "https://download.blender.org/durian/trailer/sintel_trailer-480p.mp4",
      }
    }
    isPlaying={false}
    key="4"
    onMouseEnter={[Function]}
    onMouseLeave={[Function]}
  />
  <SmallMovieCard
    film={
      Object {
        "genre": "Adventure",
        "id": 5,
        "img": "img/we-need-to-talk-about-kevin.jpg",
        "name": "We need to talk about Kevin",
        "video": "https://download.blender.org/durian/trailer/sintel_trailer-480p.mp4",
      }
    }
    isPlaying={false}
    key="5"
    onMouseEnter={[Function]}
    onMouseLeave={[Function]}
  />
  <SmallMovieCard
    film={
      Object {
        "genre": "Adventure",
        "id": 6,
        "img": "img/what-we-do-in-the-shadows.jpg",
        "name": "What We Do in the Shadows",
        "video": "https://download.blender.org/durian/trailer/sintel_trailer-480p.mp4",
      }
    }
    isPlaying={false}
    key="6"
    onMouseEnter={[Function]}
    onMouseLeave={[Function]}
  />
  <SmallMovieCard
    film={
      Object {
        "genre": "Adventure",
        "id": 7,
        "img": "img/revenant.jpg",
        "name": "Revenant",
        "video": "https://download.blender.org/durian/trailer/sintel_trailer-480p.mp4",
      }
    }
    isPlaying={false}
    key="7"
    onMouseEnter={[Function]}
    onMouseLeave={[Function]}
  />
  <SmallMovieCard
    film={
      Object {
        "genre": "Adventure",
        "id": 8,
        "img": "img/johnny-english.jpg",
        "name": "Johnny English",
        "video": "https://download.blender.org/durian/trailer/sintel_trailer-480p.mp4",
      }
    }
    isPlaying={false}
    key="8"
    onMouseEnter={[Function]}
    onMouseLeave={[Function]}
  />
  <SmallMovieCard
    film={
      Object {
        "genre": "Adventure",
        "id": 9,
        "img": "img/shutter-island.jpg",
        "name": "Shutter Island",
        "video": "https://download.blender.org/durian/trailer/sintel_trailer-480p.mp4",
      }
    }
    isPlaying={false}
    key="9"
    onMouseEnter={[Function]}
    onMouseLeave={[Function]}
  />
  <SmallMovieCard
    film={
      Object {
        "genre": "Adventure",
        "id": 10,
        "img": "img/pulp-fiction.jpg",
        "name": "Pulp Fiction",
        "video": "https://upload.wikimedia.org/wikipedia/commons/transcoded/b/b3/Big_Buck_Bunny_Trailer_400p.ogv/Big_Buck_Bunny_Trailer_400p.ogv.360p.webm",
      }
    }
    isPlaying={false}
    key="10"
    onMouseEnter={[Function]}
    onMouseLeave={[Function]}
  />
  <SmallMovieCard
    film={
      Object {
        "genre": "Adventure",
        "id": 11,
        "img": "img/no-country-for-old-men.jpg",
        "name": "No Country for Old Men",
        "video": "https://upload.wikimedia.org/wikipedia/commons/transcoded/b/b3/Big_Buck_Bunny_Trailer_400p.ogv/Big_Buck_Bunny_Trailer_400p.ogv.360p.webm",
      }
    }
    isPlaying={false}
    key="11"
    onMouseEnter={[Function]}
    onMouseLeave={[Function]}
  />
  <SmallMovieCard
    film={
      Object {
        "genre": "Adventure",
        "id": 12,
        "img": "img/snatch.jpg",
        "name": "Snatch",
        "video": "https://upload.wikimedia.org/wikipedia/commons/transcoded/b/b3/Big_Buck_Bunny_Trailer_400p.ogv/Big_Buck_Bunny_Trailer_400p.ogv.360p.webm",
      }
    }
    isPlaying={false}
    key="12"
    onMouseEnter={[Function]}
    onMouseLeave={[Function]}
  />
  <SmallMovieCard
    film={
      Object {
        "genre": "Adventure",
        "id": 13,
        "img": "img/moonrise-kingdom.jpg",
        "name": "Moonrise Kingdom",
        "video": "https://upload.wikimedia.org/wikipedia/commons/transcoded/b/b3/Big_Buck_Bunny_Trailer_400p.ogv/Big_Buck_Bunny_Trailer_400p.ogv.360p.webm",
      }
    }
    isPlaying={false}
    key="13"
    onMouseEnter={[Function]}
    onMouseLeave={[Function]}
  />
  <SmallMovieCard
    film={
      Object {
        "genre": "Adventure",
        "id": 14,
        "img": "img/seven-years-in-tibet.jpg",
        "name": "Seven Years in Tibet",
        "video": "https://upload.wikimedia.org/wikipedia/commons/transcoded/b/b3/Big_Buck_Bunny_Trailer_400p.ogv/Big_Buck_Bunny_Trailer_400p.ogv.360p.webm",
      }
    }
    isPlaying={false}
    key="14"
    onMouseEnter={[Function]}
    onMouseLeave={[Function]}
  />
  <SmallMovieCard
    film={
      Object {
        "genre": "Adventure",
        "id": 15,
        "img": "img/midnight-special.jpg",
        "name": "Midnight Special",
        "video": "https://upload.wikimedia.org/wikipedia/commons/transcoded/b/b3/Big_Buck_Bunny_Trailer_400p.ogv/Big_Buck_Bunny_Trailer_400p.ogv.360p.webm",
      }
    }
    isPlaying={false}
    key="15"
    onMouseEnter={[Function]}
    onMouseLeave={[Function]}
  />
  <SmallMovieCard
    film={
      Object {
        "genre": "Adventure",
        "id": 16,
        "img": "img/war-of-the-worlds.jpg",
        "name": "War of the Worlds",
        "video": "https://upload.wikimedia.org/wikipedia/commons/transcoded/b/b3/Big_Buck_Bunny_Trailer_400p.ogv/Big_Buck_Bunny_Trailer_400p.ogv.360p.webm",
      }
    }
    isPlaying={false}
    key="16"
    onMouseEnter={[Function]}
    onMouseLeave={[Function]}
  />
  <SmallMovieCard
    film={
      Object {
        "genre": "Adventure",
        "id": 17,
        "img": "img/dardjeeling-limited.jpg",
        "name": "Dardjeeling Limited",
        "video": "https://upload.wikimedia.org/wikipedia/commons/transcoded/b/b3/Big_Buck_Bunny_Trailer_400p.ogv/Big_Buck_Bunny_Trailer_400p.ogv.360p.webm",
      }
    }
    isPlaying={false}
    key="17"
    onMouseEnter={[Function]}
    onMouseLeave={[Function]}
  />
  <SmallMovieCard
    film={
      Object {
        "genre": "Adventure",
        "id": 18,
        "img": "img/orlando.jpg",
        "name": "Orlando",
        "video": "https://upload.wikimedia.org/wikipedia/commons/transcoded/b/b3/Big_Buck_Bunny_Trailer_400p.ogv/Big_Buck_Bunny_Trailer_400p.ogv.360p.webm",
      }
    }
    isPlaying={false}
    key="18"
    onMouseEnter={[Function]}
    onMouseLeave={[Function]}
  />
  <SmallMovieCard
    film={
      Object {
        "genre": "Adventure",
        "id": 19,
        "img": "img/mindhunter.jpg",
        "name": "Mindhunter",
        "video": "https://upload.wikimedia.org/wikipedia/commons/transcoded/b/b3/Big_Buck_Bunny_Trailer_400p.ogv/Big_Buck_Bunny_Trailer_400p.ogv.360p.webm",
      }
    }
    isPlaying={false}
    key="19"
    onMouseEnter={[Function]}
    onMouseLeave={[Function]}
  />
  <SmallMovieCard
    film={
      Object {
        "genre": "Adventure",
        "id": 20,
        "img": "img/midnight-special.jpg",
        "name": "Midnight Special",
        "video": "https://upload.wikimedia.org/wikipedia/commons/transcoded/b/b3/Big_Buck_Bunny_Trailer_400p.ogv/Big_Buck_Bunny_Trailer_400p.ogv.360p.webm",
      }
    }
    isPlaying={false}
    key="20"
    onMouseEnter={[Function]}
    onMouseLeave={[Function]}
  />
</div>
`;
