// Jest Snapshot v1, https://goo.gl/fbAQLP

exports[`renders correctly 1`] = `
<header
  className="page-header test"
>
  <Logo
    isLight={true}
  />
  <div
    className="user-block"
  >
    <Link
      to="/mylist"
    >
      <div
        className="user-block__avatar"
      >
        <img
          alt="User avatar"
          height="63"
          src="https://es31-server.appspot.comimg/1.png"
          width="63"
        />
      </div>
    </Link>
  </div>
</header>
`;
