// Jest Snapshot v1, https://goo.gl/fbAQLP

exports[`renders correctly 1`] = `
<article
  className="small-movie-card catalog__movies-card"
  onMouseEnter={[Function]}
>
  <Link
    className="small-movie-card__link"
    to="/film/1"
  >
    <Videoplayer
      isPlaying={false}
      preview="https://es31-server.appspot.com/wtw/static/film/preview/pulp-fiction.jpg"
      src="https://upload.wikimedia.org/wikipedia/commons/transcoded/b/b3/Big_Buck_Bunny_Trailer_400p.ogv/Big_Buck_Bunny_Trailer_400p.ogv.360p.webm"
    />
    <h3
      className="small-movie-card__title"
    >
      Pulp Fiction
    </h3>
  </Link>
</article>
`;
